// Vitest Snapshot v1, https://vitest.dev/guide/snapshot.html

exports[`CoffeePriceSchema > JSON Schema snapshot > When generating JSON Schema, Then output matches snapshot 1`] = `
{
  "$schema": "http://json-schema.org/draft-07/schema#",
  "description": "a positive number",
  "exclusiveMinimum": 0,
  "title": "positive",
  "type": "number",
}
`;
