// Vitest Snapshot v1, https://vitest.dev/guide/snapshot.html

exports[`CoffeeNameSchema > JSON Schema snapshot > When generating JSON Schema, Then output matches snapshot 1`] = `
{
  "$schema": "http://json-schema.org/draft-07/schema#",
  "description": "a non empty string",
  "minLength": 1,
  "title": "nonEmptyString",
  "type": "string",
}
`;
